prisma/seed.ts(1637,9): error TS2322: Type '{ id: string; tenantId: string; bankName: string; accountNumber: string; routingNumber: string; accountType: "CHECKING"; status: "ACTIVE"; isDefault: boolean; syncEnabled: boolean; lastSyncedAt: Date; } | { ...; }' is not assignable to type '(Without<BankingConnectionCreateInput, BankingConnectionUncheckedCreateInput> & BankingConnectionUncheckedCreateInput) | (Without<...> & BankingConnectionCreateInput)'.
  Type '{ id: string; tenantId: string; bankName: string; accountNumber: string; routingNumber: string; accountType: "CHECKING"; status: "ACTIVE"; isDefault: boolean; syncEnabled: boolean; lastSyncedAt: Date; }' is not assignable to type '(Without<BankingConnectionCreateInput, BankingConnectionUncheckedCreateInput> & BankingConnectionUncheckedCreateInput) | (Without<...> & BankingConnectionCreateInput)'.
    Type '{ id: string; tenantId: string; bankName: string; accountNumber: string; routingNumber: string; accountType: "CHECKING"; status: "ACTIVE"; isDefault: boolean; syncEnabled: boolean; lastSyncedAt: Date; }' is not assignable to type 'Without<BankingConnectionCreateInput, BankingConnectionUncheckedCreateInput> & BankingConnectionUncheckedCreateInput'.
      Property 'provider' is missing in type '{ id: string; tenantId: string; bankName: string; accountNumber: string; routingNumber: string; accountType: "CHECKING"; status: "ACTIVE"; isDefault: boolean; syncEnabled: boolean; lastSyncedAt: Date; }' but required in type 'BankingConnectionUncheckedCreateInput'.
prisma/seed.ts(1699,9): error TS2322: Type '{ id: string; tenantId: string; bankingConnectionId: string; transactionDate: Date; amount: number; type: "DEPOSIT"; description: string; referenceNumber: string; status: "CLEARED"; category: "INCOME"; } | { ...; }' is not assignable to type '(Without<BankingTransactionCreateInput, BankingTransactionUncheckedCreateInput> & BankingTransactionUncheckedCreateInput) | (Without<...> & BankingTransactionCreateInput)'.
  Type '{ id: string; tenantId: string; bankingConnectionId: string; transactionDate: Date; amount: number; type: "DEPOSIT"; description: string; referenceNumber: string; status: "CLEARED"; category: "INCOME"; }' is not assignable to type '(Without<BankingTransactionCreateInput, BankingTransactionUncheckedCreateInput> & BankingTransactionUncheckedCreateInput) | (Without<...> & BankingTransactionCreateInput)'.
    Type '{ id: string; tenantId: string; bankingConnectionId: string; transactionDate: Date; amount: number; type: "DEPOSIT"; description: string; referenceNumber: string; status: "CLEARED"; category: "INCOME"; }' is not assignable to type 'Without<BankingTransactionCreateInput, BankingTransactionUncheckedCreateInput> & BankingTransactionUncheckedCreateInput'.
      Type '{ id: string; tenantId: string; bankingConnectionId: string; transactionDate: Date; amount: number; type: "DEPOSIT"; description: string; referenceNumber: string; status: "CLEARED"; category: "INCOME"; }' is missing the following properties from type 'BankingTransactionUncheckedCreateInput': connectionId, date
prisma/seed.ts(1744,9): error TS2322: Type '{ id: undefined; tenantId: string; entityId: null; filingType: "1040"; taxYear: number; status: "DRAFT"; dueDate: Date; submittedDate: null; estimatedRefund: number; estimatedTax?: undefined; } | { ...; } | { ...; }' is not assignable to type '(Without<TaxFilingUpdateInput, TaxFilingUncheckedUpdateInput> & TaxFilingUncheckedUpdateInput) | (Without<...> & TaxFilingUpdateInput)'.
  Type '{ id: undefined; tenantId: string; entityId: null; filingType: "1040"; taxYear: number; status: "DRAFT"; dueDate: Date; submittedDate: null; estimatedRefund: number; estimatedTax?: undefined; }' is not assignable to type '(Without<TaxFilingUpdateInput, TaxFilingUncheckedUpdateInput> & TaxFilingUncheckedUpdateInput) | (Without<...> & TaxFilingUpdateInput)'.
    Type '{ id: undefined; tenantId: string; entityId: null; filingType: "1040"; taxYear: number; status: "DRAFT"; dueDate: Date; submittedDate: null; estimatedRefund: number; estimatedTax?: undefined; }' is not assignable to type 'Without<TaxFilingUpdateInput, TaxFilingUncheckedUpdateInput> & TaxFilingUncheckedUpdateInput'.
      Type '{ id: undefined; tenantId: string; entityId: null; filingType: "1040"; taxYear: number; status: "DRAFT"; dueDate: Date; submittedDate: null; estimatedRefund: number; estimatedTax?: undefined; }' is not assignable to type 'TaxFilingUncheckedUpdateInput'.
        Types of property 'entityId' are incompatible.
          Type 'null' is not assignable to type 'string | StringFieldUpdateOperationsInput | undefined'.
prisma/seed.ts(1745,9): error TS2322: Type '{ id: string; tenantId: string; entityId: null; filingType: "1040"; taxYear: number; status: "DRAFT"; dueDate: Date; submittedDate: null; estimatedRefund: number; estimatedTax?: undefined; } | { ...; } | { ...; }' is not assignable to type '(Without<TaxFilingCreateInput, TaxFilingUncheckedCreateInput> & TaxFilingUncheckedCreateInput) | (Without<...> & TaxFilingCreateInput)'.
  Type '{ id: string; tenantId: string; entityId: null; filingType: "1040"; taxYear: number; status: "DRAFT"; dueDate: Date; submittedDate: null; estimatedRefund: number; estimatedTax?: undefined; }' is not assignable to type '(Without<TaxFilingCreateInput, TaxFilingUncheckedCreateInput> & TaxFilingUncheckedCreateInput) | (Without<...> & TaxFilingCreateInput)'.
    Type '{ id: string; tenantId: string; entityId: null; filingType: "1040"; taxYear: number; status: "DRAFT"; dueDate: Date; submittedDate: null; estimatedRefund: number; estimatedTax?: undefined; }' is not assignable to type 'Without<TaxFilingCreateInput, TaxFilingUncheckedCreateInput> & TaxFilingUncheckedCreateInput'.
      Type '{ id: string; tenantId: string; entityId: null; filingType: "1040"; taxYear: number; status: "DRAFT"; dueDate: Date; submittedDate: null; estimatedRefund: number; estimatedTax?: undefined; }' is missing the following properties from type 'TaxFilingUncheckedCreateInput': country, taxType, periodStartDate, periodEndDate, and 3 more.
prisma/seed.ts(1799,9): error TS2322: Type '{ id: string; tenantId: string; vendorName: string; vendorId: null; billNumber: string; description: string; amountCents: number; dueDate: Date; billDate: Date; status: "PENDING"; currency: string; paidDate?: undefined; } | { ...; } | { ...; }' is not assignable to type '(Without<BillCreateInput, BillUncheckedCreateInput> & BillUncheckedCreateInput) | (Without<...> & BillCreateInput)'.
  Type '{ id: string; tenantId: string; vendorName: string; vendorId: null; billNumber: string; description: string; amountCents: number; dueDate: Date; billDate: Date; status: "PENDING"; currency: string; paidDate?: undefined; }' is not assignable to type '(Without<BillCreateInput, BillUncheckedCreateInput> & BillUncheckedCreateInput) | (Without<...> & BillCreateInput)'.
    Type '{ id: string; tenantId: string; vendorName: string; vendorId: null; billNumber: string; description: string; amountCents: number; dueDate: Date; billDate: Date; status: "PENDING"; currency: string; paidDate?: undefined; }' is not assignable to type 'Without<BillCreateInput, BillUncheckedCreateInput> & BillUncheckedCreateInput'.
      Type '{ id: string; tenantId: string; vendorName: string; vendorId: null; billNumber: string; description: string; amountCents: number; dueDate: Date; billDate: Date; status: "PENDING"; currency: string; paidDate?: undefined; }' is missing the following properties from type 'BillUncheckedCreateInput': vendor, amount, date
prisma/seed.ts(1856,9): error TS2322: Type '{ id: string; tenantId: string; name: string; type: "VENDOR"; email: string; phone: string; category: string; status: "ACTIVE"; taxId: string; } | { id: string; tenantId: string; name: string; type: "CUSTOMER"; ... 4 more ...; taxId: string; } | { ...; }' is not assignable to type '(Without<PartyCreateInput, PartyUncheckedCreateInput> & PartyUncheckedCreateInput) | (Without<...> & PartyCreateInput)'.
  Type '{ id: string; tenantId: string; name: string; type: "VENDOR"; email: string; phone: string; category: string; status: "ACTIVE"; taxId: string; }' is not assignable to type '(Without<PartyCreateInput, PartyUncheckedCreateInput> & PartyUncheckedCreateInput) | (Without<...> & PartyCreateInput)'.
    Type '{ id: string; tenantId: string; name: string; type: "VENDOR"; email: string; phone: string; category: string; status: "ACTIVE"; taxId: string; }' is not assignable to type 'Without<PartyCreateInput, PartyUncheckedCreateInput> & PartyUncheckedCreateInput'.
      Property 'partyType' is missing in type '{ id: string; tenantId: string; name: string; type: "VENDOR"; email: string; phone: string; category: string; status: "ACTIVE"; taxId: string; }' but required in type 'PartyUncheckedCreateInput'.
prisma/seed.ts(1914,9): error TS2322: Type '{ id: string; tenantId: string; name: string; sku: string; description: string; category: string; unitPrice: number; taxable: boolean; status: "ACTIVE"; }' is not assignable to type '(Without<ProductCreateInput, ProductUncheckedCreateInput> & ProductUncheckedCreateInput) | (Without<...> & ProductCreateInput)'.
  Type '{ id: string; tenantId: string; name: string; sku: string; description: string; category: string; unitPrice: number; taxable: boolean; status: "ACTIVE"; }' is not assignable to type 'Without<ProductCreateInput, ProductUncheckedCreateInput> & ProductUncheckedCreateInput'.
    Type '{ id: string; tenantId: string; name: string; sku: string; description: string; category: string; unitPrice: number; taxable: boolean; status: "ACTIVE"; }' is missing the following properties from type 'ProductUncheckedCreateInput': productCode, productName, productType
prisma/seed.ts(2389,7): error TS2322: Type '{ id: string; tenantId: string; name: string; description: string; createdBy: string; category: "ONBOARDING"; isActive: boolean; steps: any; } | { id: string; tenantId: string; name: string; description: string; createdBy: string; category: "TAX_COMPLIANCE"; isActive: boolean; steps: any; }' is not assignable to type '(Without<WorkflowTemplateCreateInput, WorkflowTemplateUncheckedCreateInput> & WorkflowTemplateUncheckedCreateInput) | (Without<...> & WorkflowTemplateCreateInput)'.
  Type '{ id: string; tenantId: string; name: string; description: string; createdBy: string; category: "ONBOARDING"; isActive: boolean; steps: any; }' is not assignable to type '(Without<WorkflowTemplateCreateInput, WorkflowTemplateUncheckedCreateInput> & WorkflowTemplateUncheckedCreateInput) | (Without<...> & WorkflowTemplateCreateInput)'.
    Type '{ id: string; tenantId: string; name: string; description: string; createdBy: string; category: "ONBOARDING"; isActive: boolean; steps: any; }' is not assignable to type 'Without<WorkflowTemplateCreateInput, WorkflowTemplateUncheckedCreateInput> & WorkflowTemplateUncheckedCreateInput'.
      Property 'type' is missing in type '{ id: string; tenantId: string; name: string; description: string; createdBy: string; category: "ONBOARDING"; isActive: boolean; steps: any; }' but required in type 'WorkflowTemplateUncheckedCreateInput'.
prisma/seed.ts(2425,7): error TS2322: Type '{ id: string; tenantId: string; workflowTemplateId: string; userId: string; triggeredBy: string; status: "IN_PROGRESS"; startedAt: Date; completedAt: null; metadata: any; } | { id: string; ... 7 more ...; metadata: any; }' is not assignable to type '(Without<UserWorkflowCreateInput, UserWorkflowUncheckedCreateInput> & UserWorkflowUncheckedCreateInput) | (Without<...> & UserWorkflowCreateInput)'.
  Type '{ id: string; tenantId: string; workflowTemplateId: string; userId: string; triggeredBy: string; status: "IN_PROGRESS"; startedAt: Date; completedAt: null; metadata: any; }' is not assignable to type '(Without<UserWorkflowCreateInput, UserWorkflowUncheckedCreateInput> & UserWorkflowUncheckedCreateInput) | (Without<...> & UserWorkflowCreateInput)'.
    Type '{ id: string; tenantId: string; workflowTemplateId: string; userId: string; triggeredBy: string; status: "IN_PROGRESS"; startedAt: Date; completedAt: null; metadata: any; }' is not assignable to type 'Without<UserWorkflowCreateInput, UserWorkflowUncheckedCreateInput> & UserWorkflowUncheckedCreateInput'.
      Type '{ id: string; tenantId: string; workflowTemplateId: string; userId: string; triggeredBy: string; status: "IN_PROGRESS"; startedAt: Date; completedAt: null; metadata: any; }' is missing the following properties from type 'UserWorkflowUncheckedCreateInput': type, totalSteps
prisma/seed.ts(2483,7): error TS2322: Type '{ id: string; tenantId: string; createdBy: string; name: string; description: string; type: "REVENUE"; frequency: "MONTHLY"; status: "ACTIVE"; config: any; } | { id: string; tenantId: string; createdBy: string; ... 5 more ...; config: any; } | { ...; } | { ...; }' is not assignable to type '(Without<ReportCreateInput, ReportUncheckedCreateInput> & ReportUncheckedCreateInput) | (Without<...> & ReportCreateInput)'.
  Type '{ id: string; tenantId: string; createdBy: string; name: string; description: string; type: "REVENUE"; frequency: "MONTHLY"; status: "ACTIVE"; config: any; }' is not assignable to type '(Without<ReportCreateInput, ReportUncheckedCreateInput> & ReportUncheckedCreateInput) | (Without<...> & ReportCreateInput)'.
    Type '{ id: string; tenantId: string; createdBy: string; name: string; description: string; type: "REVENUE"; frequency: "MONTHLY"; status: "ACTIVE"; config: any; }' is not assignable to type 'Without<ReportCreateInput, ReportUncheckedCreateInput> & ReportUncheckedCreateInput'.
      Property 'userId' is missing in type '{ id: string; tenantId: string; createdBy: string; name: string; description: string; type: "REVENUE"; frequency: "MONTHLY"; status: "ACTIVE"; config: any; }' but required in type 'ReportUncheckedCreateInput'.
prisma/seed.ts(2542,7): error TS2322: Type '{ id: string; tenantId: string; createdBy: string; name: string; type: "LLC"; status: "ACTIVE"; registrationNumber: string; industry: string; foundedDate: Date; registrationDate: Date; ... 5 more ...; taxId?: undefined; } | { ...; } | { ...; }' is not assignable to type '(Without<EntityCreateInput, EntityUncheckedCreateInput> & EntityUncheckedCreateInput) | (Without<...> & EntityCreateInput)'.
  Type '{ id: string; tenantId: string; createdBy: string; name: string; type: "LLC"; status: "ACTIVE"; registrationNumber: string; industry: string; foundedDate: Date; registrationDate: Date; ... 5 more ...; taxId?: undefined; }' is not assignable to type '(Without<EntityCreateInput, EntityUncheckedCreateInput> & EntityUncheckedCreateInput) | (Without<...> & EntityCreateInput)'.
    Type '{ id: string; tenantId: string; createdBy: string; name: string; type: "LLC"; status: "ACTIVE"; registrationNumber: string; industry: string; foundedDate: Date; registrationDate: Date; ... 5 more ...; taxId?: undefined; }' is not assignable to type 'Without<EntityCreateInput, EntityUncheckedCreateInput> & EntityUncheckedCreateInput'.
      Property 'country' is missing in type '{ id: string; tenantId: string; createdBy: string; name: string; type: "LLC"; status: "ACTIVE"; registrationNumber: string; industry: string; foundedDate: Date; registrationDate: Date; ... 5 more ...; taxId?: undefined; }' but required in type 'EntityUncheckedCreateInput'.
prisma/seed.ts(2551,16): error TS2353: Object literal may only specify known properties, and 'unique_user_entity' does not exist in type 'UserOnEntityWhereUniqueInput'.
prisma/seed.ts(2557,16): error TS2353: Object literal may only specify known properties, and 'unique_user_entity' does not exist in type 'UserOnEntityWhereUniqueInput'.
prisma/seed.ts(2563,16): error TS2353: Object literal may only specify known properties, and 'unique_user_entity' does not exist in type 'UserOnEntityWhereUniqueInput'.
src/components/portal/business-setup/core/SetupContext.tsx(42,48): error TS2448: Block-scoped variable 'saveDraft' used before its declaration.
src/components/portal/business-setup/core/SetupContext.tsx(42,48): error TS2454: Variable 'saveDraft' is used before being assigned.
